13 sequence; length of alignment 80
alifold output
   15    66  0 100.0%   0.000 GC:9    GU:1    AU:3   
   30    51  0  99.9%   0.003 CG:11   UG:2   
   29    52  0  99.9%   0.004 CG:4    UG:9   
    5    74  0  99.8%   0.016 CG:10   UG:3   
   14    67  0  99.8%   0.007 GU:6    AU:7   
   11    68  0 100.0%   0.001 GC:10   --:3   
    7    72  0  99.9%   0.002 UA:13  
    6    73  0  99.9%   0.004 UA:13  
    8    71  0  99.9%   0.004 CG:13  
   31    50  2  99.8%   0.009 CG:9    UG:2   
   17    64  3 100.0%   0.001 GC:10  
   10    69  2  99.8%   0.006 GC:11  
    4    75  0  98.1%   0.103 CG:10   UG:1    --:2   
   16    65  2  99.6%   0.011 GU:11  
   28    53  4  99.4%   0.021 AU:9   
   19    62  0  98.5%   0.046 CG:13  
   18    63  3  98.7%   0.040 CG:10  
   27    54  2  95.8%   0.126 AU:11  
   36    46  0  93.3%   0.313 GC:13  
   32    49  0  92.8%   0.215 UA:9    --:4   
   35    47  0  89.0%   0.502 UA:13  
   26    55  4  88.9%   0.619 CG:9   
   22    59  0  82.1%   0.998 CG:13  
   21    60  0  82.0%   1.083 CG:13  
   24    57  0  80.8%   1.404 CG:12   UG:1   
   25    56  2  81.0%   1.054 CG:5    UG:6   
   34    48  0  61.8%   1.075 UG:13  
   20    60  0  16.6%   0.895 CG:13   +
   21    59  0  16.5%   0.892 CG:13   +
   23    57  0  10.3%   1.129 CG:11   UG:2    +
   24    56  0  10.2%   1.119 CG:12   UG:1    +
   38    44  0   9.8%   0.724 GU:13   +
   23    56  0   8.7%   0.640 CG:11   UG:2    +
   24    55  0   8.4%   0.623 CG:12   UG:1    +
   22    57  0   8.8%   0.641 CG:13   +
   34    47  0   6.2%   0.531 UA:13   +
   23    59  0   1.4%   1.084 CG:11   UG:2    +
   25    55  2   2.7%   0.497 CG:5    UG:6    +
   10    70  0   0.0%   0.005 GC:1    GU:10   AU:2    +
   38    45  0   1.5%   0.482 GU:13   +
   20    62  0   1.5%   0.501 CG:13   +
   36    45  0   1.5%   0.232 GU:13   +
   38    46  0   1.5%   0.554 GC:13   +
   37    47  0   1.4%   0.534 UA:13   +
   22    60  0   1.3%   1.009 CG:13   +
   19    63  0   1.3%   0.199 CG:13   +
   37    42  0   0.2%   0.040 UG:8    UA:5    +
    4    74  0   0.2%   0.031 CG:10   UG:1    --:2    +
   35    42  0   0.1%   0.028 UG:8    UA:5    +
   39    48  0   0.1%   0.330 CG:12   UG:1    +
   37    43  3   1.6%   0.215 UG:3    UA:7    +
   30    52  0   0.0%   0.013 CG:11   UG:2    +
    5    75  0   0.0%   0.065 CG:10   UG:3    +
   40    48  0   0.0%   0.331 CG:5    UG:8    +
    9    71  0   0.0%   0.005 CG:10   UG:3    +
   33    39  0   0.0%   0.003 GC:10   GU:1    --:2    +
   30    50  0   0.0%   0.002 CG:11   UG:2    +
   29    51  0   0.0%   0.002 CG:4    UG:9    +
   39    50  0   0.0%   0.016 CG:12   UG:1    +
   33    40  0   0.0%   0.001 GC:5    GU:6    --:2    +
   36    40  0   0.0%   0.001 GC:5    GU:8    +
   23    55  0   0.0%   0.000 CG:11   UG:2    +
   40    51  0   0.0%   0.013 CG:5    UG:8    +
   39    52  0   0.0%   0.012 CG:12   UG:1    +
   34    42  0   0.0%   0.001 UG:8    UA:5    +
    9    74  0   0.0%   0.015 CG:10   UG:3    +
   32    42  0   0.0%   0.000 UG:5    UA:4    --:4    +
   23    60  0   0.0%   1.025 CG:11   UG:2    +
   29    50  0   0.0%   0.000 CG:4    UG:9    +
   24    59  0   0.0%   1.131 CG:12   UG:1    +
   15    67  0   0.0%   0.003 GU:10   AU:3    +
   35    49  0   0.8%   0.329 UA:13   +
   36    44  0   0.7%   0.121 GU:13   +
    3    75  0   0.7%   0.105 CG:10   --:3    +
   34    49  0   0.2%   0.583 UA:13   +
    1    78  2   0.2%   0.036 GC:3    GU:1    AU:5    --:2    +
   33    46  0   0.2%   0.042 GC:11   --:2    +
   35    48  0   0.2%   0.448 UG:13   +
   36    41  1   0.1%   0.025 GC:3    GU:9    +
   32    47  0   0.1%   0.022 UA:9    --:4    +
   33    44  0   0.1%   0.017 GU:11   --:2    +
   32    50  0   0.0%   0.091 UG:9    --:4    +
   34    50  0   0.0%   0.502 UG:13   +
    6    74  0   0.0%   0.018 UG:13   +
   32    48  0   0.0%   0.013 UG:9    --:4    +
   21    62  0   0.0%   0.541 CG:13   +
    7    73  0   0.0%   0.005 UA:13   +
   20    63  0   0.0%   0.434 CG:13   +
   34    38  0   0.0%   0.002 UG:13   +
   11    69  0   0.0%   0.004 GC:10   --:3    +
   33    45  0   0.0%   0.008 GU:11   --:2    +
   41    48  1   0.0%   0.333 CG:3    UG:9    +
   37    49  0   0.0%   0.257 UA:13   +
   37    48  0   0.0%   0.446 UG:13   +
   20    59  0   0.0%   0.000 CG:13   +
   22    56  0   0.0%   0.000 CG:13   +
   19    60  0   0.0%   0.000 CG:13   +
   21    57  0   0.0%   0.000 CG:13   +
   33    41  1   0.0%   0.001 GC:2    GU:8    --:2    +
   41    50  1   0.0%   0.021 CG:3    UG:9    +
   38    53  0   0.0%   0.363 GU:13   +
    6    72  0   0.0%   0.000 UA:13   +
    8    75  0   0.0%   0.058 CG:13   +
    3    74  0   0.0%   0.000 CG:10   --:3    +
   75    79  1   0.0%   0.057 GC:8    GU:4    +
    7    71  0   0.0%   0.000 UG:13   +
   11    67  0   0.0%   0.000 GU:10   --:3    +
   33    37  0   0.0%   0.000 GU:11   --:2    +
   31    51  2   0.0%   0.016 CG:9    UG:2    +
   31    48  2   0.0%   0.006 CG:9    UG:2    +
   25    57  2   0.0%   0.887 CG:5    UG:6    +
   16    66  2   0.0%   0.004 GC:7    GU:4    +
   34    43  3   0.1%   0.020 UG:3    UA:7    +
   35    43  3   0.0%   0.025 UG:3    UA:7    +
    7    76  4   0.0%   0.005 UG:8    UA:1    +
   27    53  2   0.0%   0.008 AU:11   +
   10    68  2   0.0%   0.001 GC:11   +
   16    64  2   0.0%   0.000 GC:11   +
   18    62  3   0.0%   0.000 CG:10   +
   17    65  3   0.0%   0.004 GU:10   +
    4    76  4   0.0%   0.040 CG:7    --:2    +
   41    47  4   0.0%   0.364 UA:9    +
   40    47  5   0.1%   0.356 UA:8    +
   28    54  4   0.0%   0.049 AU:9    +
   42    46  5   0.0%   0.167 GC:8    +
   26    52  4   0.0%   0.000 CG:9    +
   26    56  4   0.0%   0.722 CG:9    +
   41    49  4   0.0%   0.134 UA:9    +
   40    49  5   0.0%   0.131 UA:8    +
...(((((.((..((((((.((.(((((((((.(((.........)))))))))))).)).)))))))).))))).....
